// Jest Snapshot v1, https://goo.gl/fbAQLP

exports[`Teste de componente Widget 1`] = `
<div
  className="widget"
>
  <h1>
    Hello World
  </h1>
</div>
`;
