// Jest Snapshot v1, https://goo.gl/fbAQLP

exports[`Teste de componente Dashboard Deve renderizar filhos 1`] = `
<div
  className="dashboard dashboard__undefined"
>
  <h1>
    Hello World
  </h1>
</div>
`;
